  Determining projects to restore...
  All projects are up-to-date for restore.
D:\Projects\WebApps\Timinute\Timinute\Shared\Dtos\Dashboard\WorkTimePerMonthDto.cs(5,23): warning CS8618: Non-nullable property 'Time' must contain a non-null value when exiting constructor. Consider adding the 'required' modifier or declaring the property as nullable. [D:\Projects\WebApps\Timinute\Timinute\Shared\Timinute.Shared.csproj]
D:\Projects\WebApps\Timinute\Timinute\Shared\Dtos\Dashboard\AmountOfWorkTimeDto.cs(5,23): warning CS8618: Non-nullable property 'AmountWorkTimeText' must contain a non-null value when exiting constructor. Consider adding the 'required' modifier or declaring the property as nullable. [D:\Projects\WebApps\Timinute\Timinute\Shared\Timinute.Shared.csproj]
D:\Projects\WebApps\Timinute\Timinute\Shared\Dtos\Dashboard\AmountOfWorkTimeDto.cs(8,23): warning CS8618: Non-nullable property 'TopProject' must contain a non-null value when exiting constructor. Consider adding the 'required' modifier or declaring the property as nullable. [D:\Projects\WebApps\Timinute\Timinute\Shared\Timinute.Shared.csproj]
D:\Projects\WebApps\Timinute\Timinute\Shared\Dtos\Dashboard\AmountOfWorkTimeDto.cs(9,23): warning CS8618: Non-nullable property 'TopProjectAmounTimeText' must contain a non-null value when exiting constructor. Consider adding the 'required' modifier or declaring the property as nullable. [D:\Projects\WebApps\Timinute\Timinute\Shared\Timinute.Shared.csproj]
D:\Projects\WebApps\Timinute\Timinute\Shared\Dtos\Dashboard\ProjectDataItemsPerMonthDto.cs(7,42): warning CS8618: Non-nullable property 'ProjectDataItems' must contain a non-null value when exiting constructor. Consider adding the 'required' modifier or declaring the property as nullable. [D:\Projects\WebApps\Timinute\Timinute\Shared\Timinute.Shared.csproj]
D:\Projects\WebApps\Timinute\Timinute\Shared\Dtos\Dashboard\ProjectDataItemDto.cs(5,23): warning CS8618: Non-nullable property 'ProjectId' must contain a non-null value when exiting constructor. Consider adding the 'required' modifier or declaring the property as nullable. [D:\Projects\WebApps\Timinute\Timinute\Shared\Timinute.Shared.csproj]
D:\Projects\WebApps\Timinute\Timinute\Shared\Dtos\Dashboard\ProjectDataItemDto.cs(6,23): warning CS8618: Non-nullable property 'ProjectName' must contain a non-null value when exiting constructor. Consider adding the 'required' modifier or declaring the property as nullable. [D:\Projects\WebApps\Timinute\Timinute\Shared\Timinute.Shared.csproj]
  Timinute.Shared -> D:\Projects\WebApps\Timinute\Timinute\Shared\bin\Debug\net10.0\Timinute.Shared.dll
D:\Projects\WebApps\Timinute\Timinute\Client\Pages\Profile.razor(9,9): warning CS0618: 'SignOutSessionStateManager' is obsolete: 'Use 'Microsoft.AspNetCore.Components.Webassembly.Authentication.NavigationManagerExtensions.NavigateToLogout' instead.' [D:\Projects\WebApps\Timinute\Timinute\Client\Timinute.Client.csproj]
D:\Projects\WebApps\Timinute\Timinute\Client\Shared\LoginDisplay.razor(5,9): warning CS0618: 'SignOutSessionStateManager' is obsolete: 'Use 'Microsoft.AspNetCore.Components.Webassembly.Authentication.NavigationManagerExtensions.NavigateToLogout' instead.' [D:\Projects\WebApps\Timinute\Timinute\Client\Timinute.Client.csproj]
D:\Projects\WebApps\Timinute\Timinute\Client\Shared\MobileMoreSheet.razor(4,9): warning CS0618: 'SignOutSessionStateManager' is obsolete: 'Use 'Microsoft.AspNetCore.Components.Webassembly.Authentication.NavigationManagerExtensions.NavigateToLogout' instead.' [D:\Projects\WebApps\Timinute\Timinute\Client\Timinute.Client.csproj]
D:\Projects\WebApps\Timinute\Timinute\Client\Shared\NavMenu.razor(4,9): warning CS0618: 'SignOutSessionStateManager' is obsolete: 'Use 'Microsoft.AspNetCore.Components.Webassembly.Authentication.NavigationManagerExtensions.NavigateToLogout' instead.' [D:\Projects\WebApps\Timinute\Timinute\Client\Timinute.Client.csproj]
D:\Projects\WebApps\Timinute\Timinute\Client\Pages\Index.razor(6,6): warning CS8602: Dereference of a possibly null reference. [D:\Projects\WebApps\Timinute\Timinute\Client\Timinute.Client.csproj]
D:\Projects\WebApps\Timinute\Timinute\Client\Pages\Index.razor(6,6): warning CS8602: Dereference of a possibly null reference. [D:\Projects\WebApps\Timinute\Timinute\Client\Timinute.Client.csproj]
D:\Projects\WebApps\Timinute\Timinute\Client\Pages\Index.razor(20,39): warning CS8618: Non-nullable property 'authenticationStateTask' must contain a non-null value when exiting constructor. Consider adding the 'required' modifier or declaring the property as nullable. [D:\Projects\WebApps\Timinute\Timinute\Client\Timinute.Client.csproj]
D:\Projects\WebApps\Timinute\Timinute\Client\Components\TrackedTasks\AddTrackedTask.razor.cs(33,28): warning CS8618: Non-nullable field 'client' must contain a non-null value when exiting constructor. Consider adding the 'required' modifier or declaring the field as nullable. [D:\Projects\WebApps\Timinute\Timinute\Client\Timinute.Client.csproj]
D:\Projects\WebApps\Timinute\Timinute\Client\Components\Scheduler\EditTrackedTaskForm.razor(71,24): warning CS8618: Non-nullable property 'TrackedTask' must contain a non-null value when exiting constructor. Consider adding the 'required' modifier or declaring the property as nullable. [D:\Projects\WebApps\Timinute\Timinute\Client\Timinute.Client.csproj]
  Timinute.Client -> D:\Projects\WebApps\Timinute\Timinute\Client\bin\Debug\net10.0\Timinute.Client.dll
  Timinute.Client (Blazor output) -> D:\Projects\WebApps\Timinute\Timinute\Client\bin\Debug\net10.0\wwwroot
D:\Projects\WebApps\Timinute\Timinute\Server\Repository\IRepository.cs(12,30): warning CS8625: Cannot convert null literal to non-nullable reference type. [D:\Projects\WebApps\Timinute\Timinute\Server\Timinute.Server.csproj]
D:\Projects\WebApps\Timinute\Timinute\Server\Repository\BaseRepository.cs(51,30): warning CS8625: Cannot convert null literal to non-nullable reference type. [D:\Projects\WebApps\Timinute\Timinute\Server\Timinute.Server.csproj]
D:\Projects\WebApps\Timinute\Timinute\Server\Controllers\AnalyticsController.cs(59,71): warning CS8602: Dereference of a possibly null reference. [D:\Projects\WebApps\Timinute\Timinute\Server\Timinute.Server.csproj]
D:\Projects\WebApps\Timinute\Timinute\Server\Areas\Identity\AppSingInManager.cs(46,17): warning CS8602: Dereference of a possibly null reference. [D:\Projects\WebApps\Timinute\Timinute\Server\Timinute.Server.csproj]
D:\Projects\WebApps\Timinute\Timinute\Server\Areas\Identity\Pages\Account\Logout.cshtml(10,13): warning CS8602: Dereference of a possibly null reference. [D:\Projects\WebApps\Timinute\Timinute\Server\Timinute.Server.csproj]
D:\Projects\WebApps\Timinute\Timinute\Server\Areas\Identity\Pages\Account\Manage\_Layout.cshtml(4,18): warning CS8600: Converting null literal or possible null value to non-nullable type. [D:\Projects\WebApps\Timinute\Timinute\Server\Timinute.Server.csproj]
D:\Projects\WebApps\Timinute\Timinute\Server\Controllers\TrackedTaskController.cs(69,13): warning ASP0019: Use IHeaderDictionary.Append or the indexer to append or set headers. IDictionary.Add will throw an ArgumentException when attempting to add a duplicate key. (https://aka.ms/aspnet/analyzers) [D:\Projects\WebApps\Timinute\Timinute\Server\Timinute.Server.csproj]
D:\Projects\WebApps\Timinute\Timinute\Server\Controllers\TrackedTaskController.cs(114,13): warning ASP0019: Use IHeaderDictionary.Append or the indexer to append or set headers. IDictionary.Add will throw an ArgumentException when attempting to add a duplicate key. (https://aka.ms/aspnet/analyzers) [D:\Projects\WebApps\Timinute\Timinute\Server\Timinute.Server.csproj]
D:\Projects\WebApps\Timinute\Timinute\Server\Areas\Identity\Pages\Account\Manage\DownloadPersonalData.cshtml.cs(58,13): warning ASP0019: Use IHeaderDictionary.Append or the indexer to append or set headers. IDictionary.Add will throw an ArgumentException when attempting to add a duplicate key. (https://aka.ms/aspnet/analyzers) [D:\Projects\WebApps\Timinute\Timinute\Server\Timinute.Server.csproj]
D:\Projects\WebApps\Timinute\Timinute\Server\Controllers\ProjectController.cs(108,13): warning ASP0019: Use IHeaderDictionary.Append or the indexer to append or set headers. IDictionary.Add will throw an ArgumentException when attempting to add a duplicate key. (https://aka.ms/aspnet/analyzers) [D:\Projects\WebApps\Timinute\Timinute\Server\Timinute.Server.csproj]
D:\Projects\WebApps\Timinute\Timinute\Server\Controllers\ProjectController.cs(67,13): warning ASP0019: Use IHeaderDictionary.Append or the indexer to append or set headers. IDictionary.Add will throw an ArgumentException when attempting to add a duplicate key. (https://aka.ms/aspnet/analyzers) [D:\Projects\WebApps\Timinute\Timinute\Server\Timinute.Server.csproj]
  Timinute.Client.Tests -> D:\Projects\WebApps\Timinute\Timinute\Client.Tests\bin\Debug\net10.0\Timinute.Client.Tests.dll
  Timinute.Server -> D:\Projects\WebApps\Timinute\Timinute\Server\bin\Debug\net10.0\Timinute.Server.dll
  Timinute.Server.Tests -> D:\Projects\WebApps\Timinute\Timinute\Server.Tests\bin\Debug\net10.0\Timinute.Server.Tests.dll

Build succeeded.

D:\Projects\WebApps\Timinute\Timinute\Shared\Dtos\Dashboard\WorkTimePerMonthDto.cs(5,23): warning CS8618: Non-nullable property 'Time' must contain a non-null value when exiting constructor. Consider adding the 'required' modifier or declaring the property as nullable. [D:\Projects\WebApps\Timinute\Timinute\Shared\Timinute.Shared.csproj]
D:\Projects\WebApps\Timinute\Timinute\Shared\Dtos\Dashboard\AmountOfWorkTimeDto.cs(5,23): warning CS8618: Non-nullable property 'AmountWorkTimeText' must contain a non-null value when exiting constructor. Consider adding the 'required' modifier or declaring the property as nullable. [D:\Projects\WebApps\Timinute\Timinute\Shared\Timinute.Shared.csproj]
D:\Projects\WebApps\Timinute\Timinute\Shared\Dtos\Dashboard\AmountOfWorkTimeDto.cs(8,23): warning CS8618: Non-nullable property 'TopProject' must contain a non-null value when exiting constructor. Consider adding the 'required' modifier or declaring the property as nullable. [D:\Projects\WebApps\Timinute\Timinute\Shared\Timinute.Shared.csproj]
D:\Projects\WebApps\Timinute\Timinute\Shared\Dtos\Dashboard\AmountOfWorkTimeDto.cs(9,23): warning CS8618: Non-nullable property 'TopProjectAmounTimeText' must contain a non-null value when exiting constructor. Consider adding the 'required' modifier or declaring the property as nullable. [D:\Projects\WebApps\Timinute\Timinute\Shared\Timinute.Shared.csproj]
D:\Projects\WebApps\Timinute\Timinute\Shared\Dtos\Dashboard\ProjectDataItemsPerMonthDto.cs(7,42): warning CS8618: Non-nullable property 'ProjectDataItems' must contain a non-null value when exiting constructor. Consider adding the 'required' modifier or declaring the property as nullable. [D:\Projects\WebApps\Timinute\Timinute\Shared\Timinute.Shared.csproj]
D:\Projects\WebApps\Timinute\Timinute\Shared\Dtos\Dashboard\ProjectDataItemDto.cs(5,23): warning CS8618: Non-nullable property 'ProjectId' must contain a non-null value when exiting constructor. Consider adding the 'required' modifier or declaring the property as nullable. [D:\Projects\WebApps\Timinute\Timinute\Shared\Timinute.Shared.csproj]
D:\Projects\WebApps\Timinute\Timinute\Shared\Dtos\Dashboard\ProjectDataItemDto.cs(6,23): warning CS8618: Non-nullable property 'ProjectName' must contain a non-null value when exiting constructor. Consider adding the 'required' modifier or declaring the property as nullable. [D:\Projects\WebApps\Timinute\Timinute\Shared\Timinute.Shared.csproj]
D:\Projects\WebApps\Timinute\Timinute\Client\Pages\Profile.razor(9,9): warning CS0618: 'SignOutSessionStateManager' is obsolete: 'Use 'Microsoft.AspNetCore.Components.Webassembly.Authentication.NavigationManagerExtensions.NavigateToLogout' instead.' [D:\Projects\WebApps\Timinute\Timinute\Client\Timinute.Client.csproj]
D:\Projects\WebApps\Timinute\Timinute\Client\Shared\LoginDisplay.razor(5,9): warning CS0618: 'SignOutSessionStateManager' is obsolete: 'Use 'Microsoft.AspNetCore.Components.Webassembly.Authentication.NavigationManagerExtensions.NavigateToLogout' instead.' [D:\Projects\WebApps\Timinute\Timinute\Client\Timinute.Client.csproj]
D:\Projects\WebApps\Timinute\Timinute\Client\Shared\MobileMoreSheet.razor(4,9): warning CS0618: 'SignOutSessionStateManager' is obsolete: 'Use 'Microsoft.AspNetCore.Components.Webassembly.Authentication.NavigationManagerExtensions.NavigateToLogout' instead.' [D:\Projects\WebApps\Timinute\Timinute\Client\Timinute.Client.csproj]
D:\Projects\WebApps\Timinute\Timinute\Client\Shared\NavMenu.razor(4,9): warning CS0618: 'SignOutSessionStateManager' is obsolete: 'Use 'Microsoft.AspNetCore.Components.Webassembly.Authentication.NavigationManagerExtensions.NavigateToLogout' instead.' [D:\Projects\WebApps\Timinute\Timinute\Client\Timinute.Client.csproj]
D:\Projects\WebApps\Timinute\Timinute\Client\Pages\Index.razor(6,6): warning CS8602: Dereference of a possibly null reference. [D:\Projects\WebApps\Timinute\Timinute\Client\Timinute.Client.csproj]
D:\Projects\WebApps\Timinute\Timinute\Client\Pages\Index.razor(6,6): warning CS8602: Dereference of a possibly null reference. [D:\Projects\WebApps\Timinute\Timinute\Client\Timinute.Client.csproj]
D:\Projects\WebApps\Timinute\Timinute\Client\Pages\Index.razor(20,39): warning CS8618: Non-nullable property 'authenticationStateTask' must contain a non-null value when exiting constructor. Consider adding the 'required' modifier or declaring the property as nullable. [D:\Projects\WebApps\Timinute\Timinute\Client\Timinute.Client.csproj]
D:\Projects\WebApps\Timinute\Timinute\Client\Components\TrackedTasks\AddTrackedTask.razor.cs(33,28): warning CS8618: Non-nullable field 'client' must contain a non-null value when exiting constructor. Consider adding the 'required' modifier or declaring the field as nullable. [D:\Projects\WebApps\Timinute\Timinute\Client\Timinute.Client.csproj]
D:\Projects\WebApps\Timinute\Timinute\Client\Components\Scheduler\EditTrackedTaskForm.razor(71,24): warning CS8618: Non-nullable property 'TrackedTask' must contain a non-null value when exiting constructor. Consider adding the 'required' modifier or declaring the property as nullable. [D:\Projects\WebApps\Timinute\Timinute\Client\Timinute.Client.csproj]
D:\Projects\WebApps\Timinute\Timinute\Server\Repository\IRepository.cs(12,30): warning CS8625: Cannot convert null literal to non-nullable reference type. [D:\Projects\WebApps\Timinute\Timinute\Server\Timinute.Server.csproj]
D:\Projects\WebApps\Timinute\Timinute\Server\Repository\BaseRepository.cs(51,30): warning CS8625: Cannot convert null literal to non-nullable reference type. [D:\Projects\WebApps\Timinute\Timinute\Server\Timinute.Server.csproj]
D:\Projects\WebApps\Timinute\Timinute\Server\Controllers\AnalyticsController.cs(59,71): warning CS8602: Dereference of a possibly null reference. [D:\Projects\WebApps\Timinute\Timinute\Server\Timinute.Server.csproj]
D:\Projects\WebApps\Timinute\Timinute\Server\Areas\Identity\AppSingInManager.cs(46,17): warning CS8602: Dereference of a possibly null reference. [D:\Projects\WebApps\Timinute\Timinute\Server\Timinute.Server.csproj]
D:\Projects\WebApps\Timinute\Timinute\Server\Areas\Identity\Pages\Account\Logout.cshtml(10,13): warning CS8602: Dereference of a possibly null reference. [D:\Projects\WebApps\Timinute\Timinute\Server\Timinute.Server.csproj]
D:\Projects\WebApps\Timinute\Timinute\Server\Areas\Identity\Pages\Account\Manage\_Layout.cshtml(4,18): warning CS8600: Converting null literal or possible null value to non-nullable type. [D:\Projects\WebApps\Timinute\Timinute\Server\Timinute.Server.csproj]
D:\Projects\WebApps\Timinute\Timinute\Server\Controllers\TrackedTaskController.cs(69,13): warning ASP0019: Use IHeaderDictionary.Append or the indexer to append or set headers. IDictionary.Add will throw an ArgumentException when attempting to add a duplicate key. (https://aka.ms/aspnet/analyzers) [D:\Projects\WebApps\Timinute\Timinute\Server\Timinute.Server.csproj]
D:\Projects\WebApps\Timinute\Timinute\Server\Controllers\TrackedTaskController.cs(114,13): warning ASP0019: Use IHeaderDictionary.Append or the indexer to append or set headers. IDictionary.Add will throw an ArgumentException when attempting to add a duplicate key. (https://aka.ms/aspnet/analyzers) [D:\Projects\WebApps\Timinute\Timinute\Server\Timinute.Server.csproj]
D:\Projects\WebApps\Timinute\Timinute\Server\Areas\Identity\Pages\Account\Manage\DownloadPersonalData.cshtml.cs(58,13): warning ASP0019: Use IHeaderDictionary.Append or the indexer to append or set headers. IDictionary.Add will throw an ArgumentException when attempting to add a duplicate key. (https://aka.ms/aspnet/analyzers) [D:\Projects\WebApps\Timinute\Timinute\Server\Timinute.Server.csproj]
D:\Projects\WebApps\Timinute\Timinute\Server\Controllers\ProjectController.cs(108,13): warning ASP0019: Use IHeaderDictionary.Append or the indexer to append or set headers. IDictionary.Add will throw an ArgumentException when attempting to add a duplicate key. (https://aka.ms/aspnet/analyzers) [D:\Projects\WebApps\Timinute\Timinute\Server\Timinute.Server.csproj]
D:\Projects\WebApps\Timinute\Timinute\Server\Controllers\ProjectController.cs(67,13): warning ASP0019: Use IHeaderDictionary.Append or the indexer to append or set headers. IDictionary.Add will throw an ArgumentException when attempting to add a duplicate key. (https://aka.ms/aspnet/analyzers) [D:\Projects\WebApps\Timinute\Timinute\Server\Timinute.Server.csproj]
    27 Warning(s)
    0 Error(s)

Time Elapsed 00:00:06.21
